
Map of Debug\motion.sm8 from link file Debug\motion.lkf - Thu Jan 23 20:17:37 2020


                               --------
                               Segments
                               --------

start 00008080 end 00008109 length   137 segment .const
start 0000811e end 00009eca length  7596 segment .text
start 00001000 end 00001000 length     0 segment .eeprom
start 00000000 end 0000000d length    13 segment .bsct, initialized
start 00008111 end 0000811e length    13 segment .bsct, from
start 0000000d end 0000003c length    47 segment .ubsct
start 0000003c end 0000003c length     0 segment .bit
start 0000003c end 0000003c length     0 segment .share
start 00000100 end 00000100 length     0 segment .data
start 00000100 end 00000100 length     0 segment .bss
start 00000000 end 000106af length 67247 segment .debug
start 00008000 end 00008080 length   128 segment .const
start 00008109 end 00008111 length     8 segment .init


                               -------
                               Modules
                               -------

C:\Program Files (x86)\COSMIC\CXSTM8\Lib\crtsi0.sm8:
start 0000811e end 00008169 length    75 section .text
start 00000100 end 00000100 length     0 section .bss
start 0000000d end 0000000d length     0 section .ubsct

Debug\stm8l15x_flash.o:
start 00000000 end 00000eeb length  3819 section .debug
start 00008169 end 00008174 length    11 section .text
start ******** end ******** length     0 section .text *** removed ***
start ******** end ******** length     0 section .text *** removed ***
start ******** end ******** length     0 section .text *** removed ***
start 00008174 end 00008191 length    29 section .text
start 00008191 end 00008198 length     7 section .text
start 00008198 end 0000819e length     6 section .text
start ******** end ******** length     0 section .text *** removed ***
start ******** end ******** length     0 section .text *** removed ***
start 0000819e end 000081a2 length     4 section .text
start ******** end ******** length     0 section .text *** removed ***
start ******** end ******** length     0 section .text *** removed ***
start ******** end ******** length     0 section .text *** removed ***
start ******** end ******** length     0 section .text *** removed ***
start ******** end ******** length     0 section .text *** removed ***
start ******** end ******** length     0 section .text *** removed ***
start 000081a2 end 000081b7 length    21 section .text
start ******** end ******** length     0 section .text *** removed ***
start ******** end ******** length     0 section .text *** removed ***
start ******** end ******** length     0 section .text *** removed ***
start ******** end ******** length     0 section .text *** removed ***
start ******** end ******** length     0 section .text *** removed ***

Debug\stm8l15x_rtc.o:
start 00000eeb end 00003d8e length 11939 section .debug
start ******** end ******** length     0 section .text *** removed ***
start ******** end ******** length     0 section .text *** removed ***
start ******** end ******** length     0 section .text *** removed ***
start ******** end ******** length     0 section .text *** removed ***
start ******** end ******** length     0 section .text *** removed ***
start ******** end ******** length     0 section .text *** removed ***
start ******** end ******** length     0 section .text *** removed ***
start ******** end ******** length     0 section .text *** removed ***
start ******** end ******** length     0 section .text *** removed ***
start ******** end ******** length     0 section .text *** removed ***
start ******** end ******** length     0 section .text *** removed ***
start ******** end ******** length     0 section .text *** removed ***
start ******** end ******** length     0 section .text *** removed ***
start ******** end ******** length     0 section .text *** removed ***
start ******** end ******** length     0 section .text *** removed ***
start ******** end ******** length     0 section .text *** removed ***
start ******** end ******** length     0 section .text *** removed ***
start ******** end ******** length     0 section .text *** removed ***
start ******** end ******** length     0 section .text *** removed ***
start ******** end ******** length     0 section .text *** removed ***
start ******** end ******** length     0 section .text *** removed ***
start 000081b7 end 000081da length    35 section .text
start 000081da end 000081ef length    21 section .text
start ******** end ******** length     0 section .text *** removed ***
start 000081ef end 00008241 length    82 section .text
start ******** end ******** length     0 section .text *** removed ***
start ******** end ******** length     0 section .text *** removed ***
start ******** end ******** length     0 section .text *** removed ***
start ******** end ******** length     0 section .text *** removed ***
start ******** end ******** length     0 section .text *** removed ***
start ******** end ******** length     0 section .text *** removed ***
start ******** end ******** length     0 section .text *** removed ***
start ******** end ******** length     0 section .text *** removed ***
start ******** end ******** length     0 section .text *** removed ***
start ******** end ******** length     0 section .text *** removed ***
start ******** end ******** length     0 section .text *** removed ***
start ******** end ******** length     0 section .text *** removed ***
start 00008241 end 0000827f length    62 section .text
start ******** end ******** length     0 section .text *** removed ***
start ******** end ******** length     0 section .text *** removed ***
start ******** end ******** length     0 section .text *** removed ***
start 0000827f end 00008289 length    10 section .text
start ******** end ******** length     0 section .text *** removed ***
start ******** end ******** length     0 section .text *** removed ***

Debug\stm8l15x_itc.o:
start 00003d8e end 0000441e length  1680 section .debug
start ******** end ******** length     0 section .text *** removed ***
start ******** end ******** length     0 section .text *** removed ***
start ******** end ******** length     0 section .text *** removed ***
start ******** end ******** length     0 section .const *** removed ***
start ******** end ******** length     0 section .text *** removed ***
start ******** end ******** length     0 section .text *** removed ***

Debug\stm8l15x_clk.o:
start 0000441e end 00005dfd length  6623 section .debug
start 00008080 end 00008085 length     5 section .const
start ******** end ******** length     0 section .text *** removed ***
start ******** end ******** length     0 section .text *** removed ***
start ******** end ******** length     0 section .text *** removed ***
start ******** end ******** length     0 section .text *** removed ***
start ******** end ******** length     0 section .text *** removed ***
start ******** end ******** length     0 section .text *** removed ***
start ******** end ******** length     0 section .text *** removed ***
start ******** end ******** length     0 section .text *** removed ***
start ******** end ******** length     0 section .text *** removed ***
start ******** end ******** length     0 section .text *** removed ***
start ******** end ******** length     0 section .text *** removed ***
start 00008289 end 00008327 length   158 section .text
start 00008327 end 0000832b length     4 section .text
start ******** end ******** length     0 section .text *** removed ***
start 0000832b end 00008334 length     9 section .text
start ******** end ******** length     0 section .text *** removed ***
start 00008334 end 000083e3 length   175 section .text
start ******** end ******** length     0 section .text *** removed ***
start ******** end ******** length     0 section .text *** removed ***
start ******** end ******** length     0 section .text *** removed ***
start ******** end ******** length     0 section .text *** removed ***
start ******** end ******** length     0 section .text *** removed ***
start ******** end ******** length     0 section .text *** removed ***
start ******** end ******** length     0 section .text *** removed ***
start ******** end ******** length     0 section .text *** removed ***
start ******** end ******** length     0 section .text *** removed ***

Debug\stm8l15x_exti.o:
start 00005dfd end 0000695b length  2910 section .debug
start ******** end ******** length     0 section .text *** removed ***
start 000083e3 end 0000850d length   298 section .text
start 0000850d end 0000854d length    64 section .text
start ******** end ******** length     0 section .text *** removed ***
start ******** end ******** length     0 section .text *** removed ***
start ******** end ******** length     0 section .text *** removed ***
start ******** end ******** length     0 section .text *** removed ***
start ******** end ******** length     0 section .text *** removed ***
start 0000854d end 00008578 length    43 section .text

Debug\stm8l15x_gpio.o:
start 0000695b end 0000749c length  2881 section .debug
start ******** end ******** length     0 section .text *** removed ***
start 00008578 end 000085e0 length   104 section .text
start ******** end ******** length     0 section .text *** removed ***
start ******** end ******** length     0 section .text *** removed ***
start ******** end ******** length     0 section .text *** removed ***
start 000085e0 end 000085e7 length     7 section .text
start 000085e7 end 000085ef length     8 section .text
start 000085ef end 000085f6 length     7 section .text
start ******** end ******** length     0 section .text *** removed ***
start ******** end ******** length     0 section .text *** removed ***
start 000085f6 end 000085fd length     7 section .text
start ******** end ******** length     0 section .text *** removed ***

Debug\stm8l15x_i2c.o:
start 0000749c end 000098ea length  9294 section .debug
start ******** end ******** length     0 section .text *** removed ***
start 00008085 end 00008091 length    12 section .const
start 000085fd end 00008786 length   393 section .text
start 00008786 end 00008799 length    19 section .text
start ******** end ******** length     0 section .text *** removed ***
start 00008799 end 000087b0 length    23 section .text
start 000087b0 end 000087c7 length    23 section .text
start ******** end ******** length     0 section .text *** removed ***
start ******** end ******** length     0 section .text *** removed ***
start ******** end ******** length     0 section .text *** removed ***
start 000087c7 end 000087de length    23 section .text
start ******** end ******** length     0 section .text *** removed ***
start ******** end ******** length     0 section .text *** removed ***
start ******** end ******** length     0 section .text *** removed ***
start ******** end ******** length     0 section .text *** removed ***
start ******** end ******** length     0 section .text *** removed ***
start 000087de end 000087f9 length    27 section .text
start 000087f9 end 00008802 length     9 section .text
start 00008802 end 00008805 length     3 section .text
start ******** end ******** length     0 section .text *** removed ***
start ******** end ******** length     0 section .text *** removed ***
start ******** end ******** length     0 section .text *** removed ***
start ******** end ******** length     0 section .text *** removed ***
start ******** end ******** length     0 section .text *** removed ***
start ******** end ******** length     0 section .text *** removed ***
start ******** end ******** length     0 section .text *** removed ***
start ******** end ******** length     0 section .text *** removed ***
start 00008805 end 00008862 length    93 section .text
start ******** end ******** length     0 section .text *** removed ***
start 00008862 end 000088a6 length    68 section .text
start ******** end ******** length     0 section .text *** removed ***
start ******** end ******** length     0 section .text *** removed ***
start ******** end ******** length     0 section .text *** removed ***

Debug\stm8l15x_syscfg.o:
start 000098ea end 0000ad31 length  5191 section .debug
start ******** end ******** length     0 section .text *** removed ***
start ******** end ******** length     0 section .text *** removed ***
start ******** end ******** length     0 section .text *** removed ***
start ******** end ******** length     0 section .text *** removed ***
start ******** end ******** length     0 section .text *** removed ***
start 000088a6 end 000088b3 length    13 section .text
start 000088b3 end 00008917 length   100 section .text
start ******** end ******** length     0 section .text *** removed ***

Debug\stm8l15x_tim2.o:
start 0000ad31 end 0000e0d4 length 13219 section .debug
start ******** end ******** length     0 section .text *** removed ***
start 00008917 end 0000893b length    36 section .text
start ******** end ******** length     0 section .text *** removed ***
start ******** end ******** length     0 section .text *** removed ***
start ******** end ******** length     0 section .text *** removed ***
start ******** end ******** length     0 section .text *** removed ***
start ******** end ******** length     0 section .text *** removed ***
start ******** end ******** length     0 section .text *** removed ***
start ******** end ******** length     0 section .text *** removed ***
start ******** end ******** length     0 section .text *** removed ***
start 0000893b end 00008949 length    14 section .text
start ******** end ******** length     0 section .text *** removed ***
start 00008949 end 00008957 length    14 section .text
start ******** end ******** length     0 section .text *** removed ***
start ******** end ******** length     0 section .text *** removed ***
start ******** end ******** length     0 section .text *** removed ***
start ******** end ******** length     0 section .text *** removed ***
start ******** end ******** length     0 section .text *** removed ***
start ******** end ******** length     0 section .text *** removed ***
start ******** end ******** length     0 section .text *** removed ***
start ******** end ******** length     0 section .text *** removed ***
start ******** end ******** length     0 section .text *** removed ***
start ******** end ******** length     0 section .text *** removed ***
start ******** end ******** length     0 section .text *** removed ***
start ******** end ******** length     0 section .text *** removed ***
start ******** end ******** length     0 section .text *** removed ***
start ******** end ******** length     0 section .text *** removed ***
start ******** end ******** length     0 section .text *** removed ***
start ******** end ******** length     0 section .text *** removed ***
start ******** end ******** length     0 section .text *** removed ***
start ******** end ******** length     0 section .text *** removed ***
start ******** end ******** length     0 section .text *** removed ***
start ******** end ******** length     0 section .text *** removed ***
start ******** end ******** length     0 section .text *** removed ***
start ******** end ******** length     0 section .text *** removed ***
start 00008957 end 00008970 length    25 section .text
start ******** end ******** length     0 section .text *** removed ***
start ******** end ******** length     0 section .text *** removed ***
start ******** end ******** length     0 section .text *** removed ***
start 00008970 end 0000899e length    46 section .text
start 0000899e end 000089a3 length     5 section .text
start ******** end ******** length     0 section .text *** removed ***
start ******** end ******** length     0 section .text *** removed ***
start ******** end ******** length     0 section .text *** removed ***
start ******** end ******** length     0 section .text *** removed ***
start ******** end ******** length     0 section .text *** removed ***
start ******** end ******** length     0 section .text *** removed ***
start ******** end ******** length     0 section .text *** removed ***
start ******** end ******** length     0 section .text *** removed ***
start ******** end ******** length     0 section .text *** removed ***
start ******** end ******** length     0 section .text *** removed ***
start ******** end ******** length     0 section .text *** removed ***
start ******** end ******** length     0 section .text *** removed ***
start ******** end ******** length     0 section .text *** removed ***
start ******** end ******** length     0 section .text *** removed ***
start ******** end ******** length     0 section .text *** removed ***

Debug\stm8l15x_usart.o:
start 0000e0d4 end 0000f8b1 length  6109 section .debug
start ******** end ******** length     0 section .text *** removed ***
start 000089a3 end 00008a2e length   139 section .text
start ******** end ******** length     0 section .text *** removed ***
start 00008a2e end 00008a45 length    23 section .text
start ******** end ******** length     0 section .text *** removed ***
start ******** end ******** length     0 section .text *** removed ***
start ******** end ******** length     0 section .text *** removed ***
start ******** end ******** length     0 section .text *** removed ***
start ******** end ******** length     0 section .text *** removed ***
start ******** end ******** length     0 section .text *** removed ***
start ******** end ******** length     0 section .text *** removed ***
start ******** end ******** length     0 section .text *** removed ***
start ******** end ******** length     0 section .text *** removed ***
start ******** end ******** length     0 section .text *** removed ***
start ******** end ******** length     0 section .text *** removed ***
start ******** end ******** length     0 section .text *** removed ***
start ******** end ******** length     0 section .text *** removed ***
start ******** end ******** length     0 section .text *** removed ***
start ******** end ******** length     0 section .text *** removed ***
start ******** end ******** length     0 section .text *** removed ***
start 00008a45 end 00008abb length   118 section .text
start ******** end ******** length     0 section .text *** removed ***
start ******** end ******** length     0 section .text *** removed ***
start ******** end ******** length     0 section .text *** removed ***
start ******** end ******** length     0 section .text *** removed ***

Debug\main.o:
start 00000000 end 0000000d length    13 section .bsct
start 0000000d end 00000032 length    37 section .ubsct
start 0000f8b1 end 000100b0 length  2047 section .debug
start 00008abb end 00008acd length    18 section .text
start 00008acd end 00008adf length    18 section .text
start 00008adf end 00008af3 length    20 section .text
start 00008af3 end 00008b14 length    33 section .text
start 00008b14 end 00008b4a length    54 section .text
start 00008b4a end 00009043 length  1273 section .text
start 00009043 end 000091d3 length   400 section .text
start 000091d3 end 000091e9 length    22 section .text
start 000091e9 end 00009370 length   391 section .text
start 00009370 end 000093b0 length    64 section .text
start 000093b0 end 000093ea length    58 section .text
start 000093ea end 0000942a length    64 section .text
start 0000942a end 00009475 length    75 section .text
start 00009475 end 00009561 length   236 section .text
start 00009561 end 000095c1 length    96 section .text
start 00008091 end 00008109 length   120 section .const

Debug\periph.o:
start 000100b0 end 00010544 length  1172 section .debug
start 000095c1 end 000095f9 length    56 section .text
start 000095f9 end 0000965b length    98 section .text
start 0000965b end 00009680 length    37 section .text
start 00009680 end 00009719 length   153 section .text
start 00009719 end 000099f4 length   731 section .text
start 000099f4 end 00009b46 length   338 section .text
start 00009b46 end 00009bf7 length   177 section .text
start 00009bf7 end 00009c20 length    41 section .text

(C:\Program Files (x86)\COSMIC\CXSTM8\Lib\libm0.sm8)imul.o:
start 00009c20 end 00009c41 length    33 section .text

(C:\Program Files (x86)\COSMIC\CXSTM8\Lib\libm0.sm8)lcmp.o:
start 00009c41 end 00009c61 length    32 section .text

(C:\Program Files (x86)\COSMIC\CXSTM8\Lib\libm0.sm8)lmul.o:
start 00009c61 end 00009cec length   139 section .text

(C:\Program Files (x86)\COSMIC\CXSTM8\Lib\libm0.sm8)lreg.o:
start 00000032 end 00000036 length     4 section .ubsct

(C:\Program Files (x86)\COSMIC\CXSTM8\Lib\libm0.sm8)ltor.o:
start 00009cec end 00009cfe length    18 section .text

(C:\Program Files (x86)\COSMIC\CXSTM8\Lib\libm0.sm8)ludiv.o:
start 00009cfe end 00009d12 length    20 section .text

(C:\Program Files (x86)\COSMIC\CXSTM8\Lib\libm0.sm8)ldiv.o:
start 00009d12 end 00009dfd length   235 section .text

(C:\Program Files (x86)\COSMIC\CXSTM8\Lib\libm0.sm8)lgneg.o:
start 00009dfd end 00009e10 length    19 section .text

(C:\Program Files (x86)\COSMIC\CXSTM8\Lib\libm0.sm8)lneg.o:
start 00009e10 end 00009e25 length    21 section .text

(C:\Program Files (x86)\COSMIC\CXSTM8\Lib\libm0.sm8)lursh.o:
start 00009e25 end 00009e34 length    15 section .text

(C:\Program Files (x86)\COSMIC\CXSTM8\Lib\libm0.sm8)lzmp.o:
start 00009e34 end 00009e46 length    18 section .text

(C:\Program Files (x86)\COSMIC\CXSTM8\Lib\libm0.sm8)rtol.o:
start 00009e46 end 00009e58 length    18 section .text

(C:\Program Files (x86)\COSMIC\CXSTM8\Lib\libm0.sm8)sdivx.o:
start 00009e58 end 00009e83 length    43 section .text

(C:\Program Files (x86)\COSMIC\CXSTM8\Lib\libm0.sm8)smul.o:
start 00009e83 end 00009ec2 length    63 section .text

(C:\Program Files (x86)\COSMIC\CXSTM8\Lib\libm0.sm8)utolx.o:
start 00009ec2 end 00009ec9 length     7 section .text

(C:\Program Files (x86)\COSMIC\CXSTM8\Lib\libm0.sm8)xreg.o:
start 00000036 end 00000039 length     3 section .ubsct

(C:\Program Files (x86)\COSMIC\CXSTM8\Lib\libm0.sm8)yreg.o:
start 00000039 end 0000003c length     3 section .ubsct

Debug\stm8_interrupt_vector.o:
start 00010544 end 000106af length   363 section .debug
start 00009ec9 end 00009eca length     1 section .text
start 00008000 end 00008080 length   128 section .const


                             -----------
                             Stack usage
                             -----------

Debug\main.o:
_FromChar09AF                    3   (3)
_ParseAtCmd                     35   (15)
_TD_Delay01ms                    4   (4)
_TD_Init                        54   (3)
_ToChar09AF                      3   (3)
_main                       >   56   (2)
_myputs                          7   (4)
_mystrcmp                        6   (6)
_putchar                         3   (3)
f_ISR_Btn                   >   17   (11)
f_ISR_HostWakeUp            >   17   (11)
f_ISR_Pir                   >   21   (11)
f_ISR_RtcWakeUp             >   17   (11)
f_ISR_Timer2                >   16   (11)
f_ISR_Uart1Rx               >    5   (5)

Debug\periph.o:
_Lux_GetReading                 20   (5)
_Lux_SendCmd                    15   (3)
_Lux_SetMTreg                   18   (3)
_Pir_GetConfig                  16   (10)
_Pir_SetConfig                  14   (9)
_RTC_SetWakeupPeriod            10   (4)
_ReadEeprom                     16   (2)
_WriteEeprom                    14   (7)

Debug\stm8_interrupt_vector.o:
f_NonHandledInterrupt       >    5   (5)

Debug\stm8l15x_clk.o:
_CLK_GetClockFreq               25   (11)
_CLK_PeripheralClockConfig       5   (5)
_CLK_RTCClockConfig              4   (4)
_CLK_SYSCLKDivConfig             2   (2)

Debug\stm8l15x_exti.o:
_EXTI_ClearITPendingBit          6   (6)
_EXTI_SelectPort                 3   (3)
_EXTI_SetPinSensitivity          4   (4)

Debug\stm8l15x_flash.o:
_FLASH_GetFlagStatus             3   (3)
_FLASH_Lock                      2   (2)
_FLASH_ProgramByte               7   (7)
_FLASH_ReadByte                  6   (6)
_FLASH_SetProgrammingTime        2   (2)
_FLASH_Unlock                    3   (3)

Debug\stm8l15x_gpio.o:
_GPIO_Init                       6   (6)
_GPIO_ReadInputDataBit           5   (5)
_GPIO_ResetBits                  5   (5)
_GPIO_SetBits                    5   (5)
_GPIO_ToggleBits                 5   (5)

Debug\stm8l15x_i2c.o:
_I2C_AcknowledgeConfig           5   (5)
_I2C_CheckEvent                 12   (12)
_I2C_Cmd                         5   (5)
_I2C_GenerateSTART               5   (5)
_I2C_GenerateSTOP                5   (5)
_I2C_GetFlagStatus               8   (8)
_I2C_Init                       51   (26)
_I2C_ReceiveData                 2   (2)
_I2C_Send7bitAddress             6   (6)
_I2C_SendData                    5   (5)

Debug\stm8l15x_rtc.o:
_RTC_ClearITPendingBit           2   (2)
_RTC_ITConfig                    5   (5)
_RTC_SetWakeUpCounter            2   (2)
_RTC_WakeUpClockConfig           3   (3)
_RTC_WakeUpCmd                   6   (6)

Debug\stm8l15x_syscfg.o:
_SYSCFG_REMAPDeInit              2   (2)
_SYSCFG_REMAPPinConfig           6   (6)

Debug\stm8l15x_tim2.o:
_TIM2_ARRPreloadConfig           2   (2)
_TIM2_ClearITPendingBit          2   (2)
_TIM2_Cmd                        2   (2)
_TIM2_GetITStatus                5   (5)
_TIM2_ITConfig                   4   (4)
_TIM2_TimeBaseInit               6   (6)

Debug\stm8l15x_usart.o:
_USART_Cmd                       5   (5)
_USART_ITConfig                  9   (9)
_USART_Init                     41   (16)

Stack size: 77


                              ---------
                              Call tree
                              ---------
   1 > __stext: (0)

   2 > _main: (2)
   3      + _CLK_PeripheralClockConfig: (5)
   4      + _CLK_RTCClockConfig: (4)
   5      + _CLK_SYSCLKDivConfig: (2)
   6      + _FLASH_SetProgrammingTime: (2)
   7      + _GPIO_Init: (6)
   8      + _GPIO_ReadInputDataBit: (5)
   9      + _GPIO_ResetBits: (5)
  10      + _GPIO_SetBits: (5)
  11      + _ParseAtCmd: (15)
  12      |    + _FromChar09AF: (3)
  13      |    + _GPIO_ReadInputDataBit --> 8
  14      |    + _GPIO_ResetBits --> 9
  15      |    + _GPIO_SetBits --> 10
  16      |    + _Lux_GetReading: (5)
  17      |    |    + _I2C_AcknowledgeConfig: (5)
  18      |    |    + _I2C_CheckEvent: (12)
  19      |    |    + _I2C_GenerateSTART: (5)
  20      |    |    + _I2C_GenerateSTOP: (5)
  21      |    |    + _I2C_ReceiveData: (2)
  22      |    |    + _I2C_Send7bitAddress: (6)
  23      |    |    + _Lux_SendCmd: (3)
  24      |    |    |    + _I2C_CheckEvent --> 18
  25      |    |    |    + _I2C_GenerateSTART --> 19
  26      |    |    |    + _I2C_GenerateSTOP --> 20
  27      |    |    |    + _I2C_GetFlagStatus: (8)
  28      |    |    |    + _I2C_Send7bitAddress --> 22
  29      |    |    |    + _I2C_SendData: (5)
          |    |    | 
  30      |    |    + _TD_Delay01ms: (4)
          |    | 
  31      |    + _Lux_SetMTreg: (3)
  32      |    |    + _Lux_SendCmd --> 23
  33      |    |    + _TD_Delay01ms --> 30
          |    | 
  34      |    + _Pir_GetConfig: (10)
  35      |    |    + _GPIO_Init --> 7
  36      |    |    + _GPIO_ReadInputDataBit --> 8
  37      |    |    + _GPIO_ResetBits --> 9
  38      |    |    + _GPIO_SetBits --> 10
  39      |    |    + _TD_Delay01ms --> 30
          |    | 
  40      |    + _Pir_SetConfig: (9)
  41      |    |    + _GPIO_ResetBits --> 9
  42      |    |    + _GPIO_SetBits --> 10
  43      |    |    + _TD_Delay01ms --> 30
          |    | 
  44      |    + _RTC_SetWakeupPeriod: (4)
  45      |    |    + _RTC_ITConfig: (5)
  46      |    |    + _RTC_SetWakeUpCounter: (2)
  47      |    |    + _RTC_WakeUpClockConfig: (3)
  48      |    |    + _RTC_WakeUpCmd: (6)
          |    | 
  49      |    + _TD_Delay01ms --> 30
  50      |    + _ToChar09AF: (3)
  51      |    + _WriteEeprom: (7)
  52      |    |    + _FLASH_GetFlagStatus: (3)
  53      |    |    + _FLASH_Lock: (2)
  54      |    |    + _FLASH_ProgramByte: (7)
  55      |    |    + _FLASH_Unlock: (3)
          |    | 
  56      |    + _myputs: (4)
  57      |    |    + _putchar: (3)
          |    | 
  58      |    + _mystrcmp: (6)
          | 
  59      + _ReadEeprom: (2)
  60      |    + _FLASH_ReadByte: (6)
  61      |    + _WriteEeprom --> 51
          | 
  62      + _TD_Delay01ms --> 30
  63      + _TD_Init: (3)
  64      |    + _CLK_PeripheralClockConfig --> 3
  65      |    + _EXTI_ClearITPendingBit: (6)
  66      |    + _EXTI_SelectPort: (3)
  67      |    + _EXTI_SetPinSensitivity: (4)
  68      |    + _GPIO_Init --> 7
  69      |    + _GPIO_SetBits --> 10
  70      |    + _I2C_Cmd: (5)
  71      |    + _I2C_Init: (26)
  72      |    |    + _CLK_GetClockFreq: (11)
          |    | 
  73      |    + _Lux_GetReading --> 16
  74      |    + _Lux_SendCmd --> 23
  75      |    + _Lux_SetMTreg --> 31
  76      |    + _Pir_SetConfig --> 40
  77      |    + _SYSCFG_REMAPDeInit: (2)
  78      |    + _SYSCFG_REMAPPinConfig: (6)
  79      |    + _TD_Delay01ms --> 30
  80      |    + _TIM2_ARRPreloadConfig: (2)
  81      |    + _TIM2_Cmd: (2)
  82      |    + _TIM2_ITConfig: (4)
  83      |    + _TIM2_TimeBaseInit: (6)
  84      |    + _USART_Cmd: (5)
  85      |    + _USART_ITConfig: (9)
  86      |    + _USART_Init: (16)
  87      |    |    + _CLK_GetClockFreq --> 72
          |    | 
          | 
  88      + _putchar --> 57
       
  89 > f_ISR_Btn: (11)
  90      + _EXTI_ClearITPendingBit --> 65
  91      + _GPIO_Init --> 7
  92      + _RTC_WakeUpCmd --> 48
       
  93 > f_ISR_HostWakeUp: (11)
  94      + _EXTI_ClearITPendingBit --> 65
  95      + _GPIO_Init --> 7
  96      + _RTC_WakeUpCmd --> 48
       
  97 > f_ISR_Pir: (11)
  98      + _EXTI_ClearITPendingBit --> 65
  99      + _GPIO_Init --> 7
 100      + _GPIO_ResetBits --> 9
 101      + _RTC_SetWakeupPeriod --> 44
 102      + _RTC_WakeUpCmd --> 48
       
 103 > f_ISR_RtcWakeUp: (11)
 104      + _RTC_ClearITPendingBit: (2)
 105      + _RTC_WakeUpCmd --> 48
       
 106 > f_ISR_Timer2: (11)
 107      + _GPIO_SetBits --> 10
 108      + _GPIO_ToggleBits: (5)
 109      + _TIM2_ClearITPendingBit: (2)
 110      + _TIM2_GetITStatus: (5)
       
 111 > f_ISR_Uart1Rx: (5)

 112 > f_NonHandledInterrupt: (5)

 113   _CLK_GetClockFreq --> 72

 114   _CLK_PeripheralClockConfig --> 3

 115   _CLK_RTCClockConfig --> 4

 116   _CLK_SYSCLKDivConfig --> 5

 117   _EXTI_ClearITPendingBit --> 65

 118   _EXTI_SelectPort --> 66

 119   _EXTI_SetPinSensitivity --> 67

 120   _FLASH_GetFlagStatus --> 52

 121   _FLASH_Lock --> 53

 122   _FLASH_ProgramByte --> 54

 123   _FLASH_ReadByte --> 60

 124   _FLASH_SetProgrammingTime --> 6

 125   _FLASH_Unlock --> 55

 126   _FromChar09AF --> 12

 127   _GPIO_Init --> 7

 128   _GPIO_ReadInputDataBit --> 8

 129   _GPIO_ResetBits --> 9

 130   _GPIO_SetBits --> 10

 131   _GPIO_ToggleBits --> 108

 132   _I2C_AcknowledgeConfig --> 17

 133   _I2C_CheckEvent --> 18

 134   _I2C_Cmd --> 70

 135   _I2C_GenerateSTART --> 19

 136   _I2C_GenerateSTOP --> 20

 137   _I2C_GetFlagStatus --> 27

 138   _I2C_Init --> 71

 139   _I2C_ReceiveData --> 21

 140   _I2C_Send7bitAddress --> 22

 141   _I2C_SendData --> 29

 142   _Lux_GetReading --> 16

 143   _Lux_SendCmd --> 23

 144   _Lux_SetMTreg --> 31

 145   _ParseAtCmd --> 11

 146   _Pir_GetConfig --> 34

 147   _Pir_SetConfig --> 40

 148   _RTC_ClearITPendingBit --> 104

 149   _RTC_ITConfig --> 45

 150   _RTC_SetWakeUpCounter --> 46

 151   _RTC_SetWakeupPeriod --> 44

 152   _RTC_WakeUpClockConfig --> 47

 153   _RTC_WakeUpCmd --> 48

 154   _ReadEeprom --> 59

 155   _SYSCFG_REMAPDeInit --> 77

 156   _SYSCFG_REMAPPinConfig --> 78

 157   _TD_Delay01ms --> 30

 158   _TD_Init --> 63

 159   _TIM2_ARRPreloadConfig --> 80

 160   _TIM2_ClearITPendingBit --> 109

 161   _TIM2_Cmd --> 81

 162   _TIM2_GetITStatus --> 110

 163   _TIM2_ITConfig --> 82

 164   _TIM2_TimeBaseInit --> 83

 165   _ToChar09AF --> 50

 166   _USART_Cmd --> 84

 167   _USART_ITConfig --> 85

 168   _USART_Init --> 86

 169   _WriteEeprom --> 51

 170   _myputs --> 56

 171   _mystrcmp --> 58

 172   _putchar --> 57



                               -------
                               Symbols
                               -------

_CLK_AdjustHSICalibrationValue        ********   *** removed from Debug\stm8l15x_clk.o ***
_CLK_BEEPClockConfig                  ********   *** removed from Debug\stm8l15x_clk.o ***
_CLK_CCOConfig                        ********   *** removed from Debug\stm8l15x_clk.o ***
_CLK_ClearFlag                        ********   *** removed from Debug\stm8l15x_clk.o ***
_CLK_ClearITPendingBit                ********   *** removed from Debug\stm8l15x_clk.o ***
_CLK_ClockSecuritySystemEnable        ********   *** removed from Debug\stm8l15x_clk.o ***
_CLK_ClockSecuritySytemDeglitchCmd    ********   *** removed from Debug\stm8l15x_clk.o ***
_CLK_DeInit                           ********   *** removed from Debug\stm8l15x_clk.o ***
_CLK_GetClockFreq                     00008289   defined in Debug\stm8l15x_clk.o section .text
                                                 used in Debug\stm8l15x_i2c.o
                                                         Debug\stm8l15x_usart.o
_CLK_GetFlagStatus                    ********   *** removed from Debug\stm8l15x_clk.o ***
_CLK_GetITStatus                      ********   *** removed from Debug\stm8l15x_clk.o ***
_CLK_GetSYSCLKSource                  ********   *** removed from Debug\stm8l15x_clk.o ***
_CLK_HSEConfig                        ********   *** removed from Debug\stm8l15x_clk.o ***
_CLK_HSICmd                           ********   *** removed from Debug\stm8l15x_clk.o ***
_CLK_HaltConfig                       ********   *** removed from Debug\stm8l15x_clk.o ***
_CLK_ITConfig                         ********   *** removed from Debug\stm8l15x_clk.o ***
_CLK_LSEClockSecuritySystemEnable     ********   *** removed from Debug\stm8l15x_clk.o ***
_CLK_LSEConfig                        ********   *** removed from Debug\stm8l15x_clk.o ***
_CLK_LSICmd                           ********   *** removed from Debug\stm8l15x_clk.o ***
_CLK_MainRegulatorCmd                 ********   *** removed from Debug\stm8l15x_clk.o ***
_CLK_PeripheralClockConfig            00008334   defined in Debug\stm8l15x_clk.o section .text
                                                 used in Debug\main.o
_CLK_RTCCLKSwitchOnLSEFailureEnable   ********   *** removed from Debug\stm8l15x_clk.o ***
_CLK_RTCClockConfig                   0000832b   defined in Debug\stm8l15x_clk.o section .text
                                                 used in Debug\main.o
_CLK_SYSCLKDivConfig                  00008327   defined in Debug\stm8l15x_clk.o section .text
                                                 used in Debug\main.o
_CLK_SYSCLKSourceConfig               ********   *** removed from Debug\stm8l15x_clk.o ***
_CLK_SYSCLKSourceSwitchCmd            ********   *** removed from Debug\stm8l15x_clk.o ***
_EXTI_ClearITPendingBit               0000854d   defined in Debug\stm8l15x_exti.o section .text
                                                 used in Debug\main.o
_EXTI_DeInit                          ********   *** removed from Debug\stm8l15x_exti.o ***
_EXTI_GetITStatus                     ********   *** removed from Debug\stm8l15x_exti.o ***
_EXTI_GetPinSensitivity               ********   *** removed from Debug\stm8l15x_exti.o ***
_EXTI_GetPortSensitivity              ********   *** removed from Debug\stm8l15x_exti.o ***
_EXTI_SelectPort                      0000850d   defined in Debug\stm8l15x_exti.o section .text
                                                 used in Debug\main.o
_EXTI_SetHalfPortSelection            ********   *** removed from Debug\stm8l15x_exti.o ***
_EXTI_SetPinSensitivity               000083e3   defined in Debug\stm8l15x_exti.o section .text
                                                 used in Debug\main.o
_EXTI_SetPortSensitivity              ********   *** removed from Debug\stm8l15x_exti.o ***
_FLASH_DeInit                         ********   *** removed from Debug\stm8l15x_flash.o ***
_FLASH_EraseBlock                     ********   *** removed from Debug\stm8l15x_flash.o ***
_FLASH_EraseByte                      ********   *** removed from Debug\stm8l15x_flash.o ***
_FLASH_EraseOptionByte                ********   *** removed from Debug\stm8l15x_flash.o ***
_FLASH_GetBootSize                    ********   *** removed from Debug\stm8l15x_flash.o ***
_FLASH_GetCodeSize                    ********   *** removed from Debug\stm8l15x_flash.o ***
_FLASH_GetFlagStatus                  000081a2   defined in Debug\stm8l15x_flash.o section .text
                                                 used in Debug\periph.o
_FLASH_GetPowerStatus                 ********   *** removed from Debug\stm8l15x_flash.o ***
_FLASH_GetProgrammingTime             ********   *** removed from Debug\stm8l15x_flash.o ***
_FLASH_GetReadOutProtectionStatus     ********   *** removed from Debug\stm8l15x_flash.o ***
_FLASH_ITConfig                       ********   *** removed from Debug\stm8l15x_flash.o ***
_FLASH_Lock                           00008191   defined in Debug\stm8l15x_flash.o section .text
                                                 used in Debug\periph.o
_FLASH_PowerRunModeConfig             ********   *** removed from Debug\stm8l15x_flash.o ***
_FLASH_PowerWaitModeConfig            ********   *** removed from Debug\stm8l15x_flash.o ***
_FLASH_ProgramBlock                   ********   *** removed from Debug\stm8l15x_flash.o ***
_FLASH_ProgramByte                    00008198   defined in Debug\stm8l15x_flash.o section .text
                                                 used in Debug\periph.o
_FLASH_ProgramOptionByte              ********   *** removed from Debug\stm8l15x_flash.o ***
_FLASH_ProgramWord                    ********   *** removed from Debug\stm8l15x_flash.o ***
_FLASH_ReadByte                       0000819e   defined in Debug\stm8l15x_flash.o section .text
                                                 used in Debug\periph.o
_FLASH_SetProgrammingTime             00008169   defined in Debug\stm8l15x_flash.o section .text
                                                 used in Debug\main.o
_FLASH_Unlock                         00008174   defined in Debug\stm8l15x_flash.o section .text
                                                 used in Debug\periph.o
_FLASH_WaitForLastOperation           ********   *** removed from Debug\stm8l15x_flash.o ***
_FromChar09AF                         00008acd   defined in Debug\main.o section .text
_GPIO_DeInit                          ********   *** removed from Debug\stm8l15x_gpio.o ***
_GPIO_ExternalPullUpConfig            ********   *** removed from Debug\stm8l15x_gpio.o ***
_GPIO_Init                            00008578   defined in Debug\stm8l15x_gpio.o section .text
                                                 used in Debug\main.o
                                                         Debug\periph.o
_GPIO_ReadInputData                   ********   *** removed from Debug\stm8l15x_gpio.o ***
_GPIO_ReadInputDataBit                000085f6   defined in Debug\stm8l15x_gpio.o section .text
                                                 used in Debug\main.o
                                                         Debug\periph.o
_GPIO_ReadOutputData                  ********   *** removed from Debug\stm8l15x_gpio.o ***
_GPIO_ReadOutputDataBit               ********   *** removed from Debug\stm8l15x_gpio.o ***
_GPIO_ResetBits                       000085e7   defined in Debug\stm8l15x_gpio.o section .text
                                                 used in Debug\main.o
                                                         Debug\periph.o
_GPIO_SetBits                         000085e0   defined in Debug\stm8l15x_gpio.o section .text
                                                 used in Debug\main.o
                                                         Debug\periph.o
_GPIO_ToggleBits                      000085ef   defined in Debug\stm8l15x_gpio.o section .text
                                                 used in Debug\main.o
_GPIO_Write                           ********   *** removed from Debug\stm8l15x_gpio.o ***
_GPIO_WriteBit                        ********   *** removed from Debug\stm8l15x_gpio.o ***
_I2C_ARPCmd                           ********   *** removed from Debug\stm8l15x_i2c.o ***
_I2C_AckPositionConfig                ********   *** removed from Debug\stm8l15x_i2c.o ***
_I2C_AcknowledgeConfig                000087c7   defined in Debug\stm8l15x_i2c.o section .text
                                                 used in Debug\periph.o
_I2C_CalculatePEC                     ********   *** removed from Debug\stm8l15x_i2c.o ***
_I2C_CheckEvent                       00008805   defined in Debug\stm8l15x_i2c.o section .text
                                                 used in Debug\periph.o
_I2C_ClearFlag                        ********   *** removed from Debug\stm8l15x_i2c.o ***
_I2C_ClearITPendingBit                ********   *** removed from Debug\stm8l15x_i2c.o ***
_I2C_Cmd                              00008786   defined in Debug\stm8l15x_i2c.o section .text
                                                 used in Debug\main.o
_I2C_DMACmd                           ********   *** removed from Debug\stm8l15x_i2c.o ***
_I2C_DMALastTransferCmd               ********   *** removed from Debug\stm8l15x_i2c.o ***
_I2C_DeInit                           ********   *** removed from Debug\stm8l15x_i2c.o ***
_I2C_DualAddressCmd                   ********   *** removed from Debug\stm8l15x_i2c.o ***
_I2C_FastModeDutyCycleConfig          ********   *** removed from Debug\stm8l15x_i2c.o ***
_I2C_GeneralCallCmd                   ********   *** removed from Debug\stm8l15x_i2c.o ***
_I2C_GenerateSTART                    00008799   defined in Debug\stm8l15x_i2c.o section .text
                                                 used in Debug\periph.o
_I2C_GenerateSTOP                     000087b0   defined in Debug\stm8l15x_i2c.o section .text
                                                 used in Debug\periph.o
_I2C_GetFlagStatus                    00008862   defined in Debug\stm8l15x_i2c.o section .text
                                                 used in Debug\periph.o
_I2C_GetITStatus                      ********   *** removed from Debug\stm8l15x_i2c.o ***
_I2C_GetLastEvent                     ********   *** removed from Debug\stm8l15x_i2c.o ***
_I2C_GetPEC                           ********   *** removed from Debug\stm8l15x_i2c.o ***
_I2C_ITConfig                         ********   *** removed from Debug\stm8l15x_i2c.o ***
_I2C_Init                             000085fd   defined in Debug\stm8l15x_i2c.o section .text
                                                 used in Debug\main.o
_I2C_OwnAddress2Config                ********   *** removed from Debug\stm8l15x_i2c.o ***
_I2C_PECPositionConfig                ********   *** removed from Debug\stm8l15x_i2c.o ***
_I2C_ReadRegister                     ********   *** removed from Debug\stm8l15x_i2c.o ***
_I2C_ReceiveData                      00008802   defined in Debug\stm8l15x_i2c.o section .text
                                                 used in Debug\periph.o
_I2C_SMBusAlertConfig                 ********   *** removed from Debug\stm8l15x_i2c.o ***
_I2C_Send7bitAddress                  000087de   defined in Debug\stm8l15x_i2c.o section .text
                                                 used in Debug\periph.o
_I2C_SendData                         000087f9   defined in Debug\stm8l15x_i2c.o section .text
                                                 used in Debug\periph.o
_I2C_SoftwareResetCmd                 ********   *** removed from Debug\stm8l15x_i2c.o ***
_I2C_StretchClockCmd                  ********   *** removed from Debug\stm8l15x_i2c.o ***
_I2C_TransmitPEC                      ********   *** removed from Debug\stm8l15x_i2c.o ***
_ITC_DeInit                           ********   *** removed from Debug\stm8l15x_itc.o ***
_ITC_GetCPUCC                         ********   *** removed from Debug\stm8l15x_itc.o ***
_ITC_GetSoftIntStatus                 ********   *** removed from Debug\stm8l15x_itc.o ***
_ITC_GetSoftwarePriority              ********   *** removed from Debug\stm8l15x_itc.o ***
_ITC_SetSoftwarePriority              ********   *** removed from Debug\stm8l15x_itc.o ***
_Lux_GetReading                       00009680   defined in Debug\periph.o section .text
                                                 used in Debug\main.o
_Lux_SendCmd                          000095f9   defined in Debug\periph.o section .text
                                                 used in Debug\main.o
_Lux_SetMTreg                         0000965b   defined in Debug\periph.o section .text
                                                 used in Debug\main.o
_MotionFlags                          00000000   defined in Debug\main.o section .bsct, initialized
_MotionFlags2                         00000002   defined in Debug\main.o section .bsct, initialized
_ParseAtCmd                           00008b4a   defined in Debug\main.o section .text
_Pir_GetConfig                        00009719   defined in Debug\periph.o section .text
                                                 used in Debug\main.o
_Pir_SetConfig                        000099f4   defined in Debug\periph.o section .text
                                                 used in Debug\main.o
_RTC_AlarmCmd                         ********   *** removed from Debug\stm8l15x_rtc.o ***
_RTC_AlarmStructInit                  ********   *** removed from Debug\stm8l15x_rtc.o ***
_RTC_AlarmSubSecondConfig             ********   *** removed from Debug\stm8l15x_rtc.o ***
_RTC_BypassShadowCmd                  ********   *** removed from Debug\stm8l15x_rtc.o ***
_RTC_CalibOutputCmd                   ********   *** removed from Debug\stm8l15x_rtc.o ***
_RTC_CalibOutputConfig                ********   *** removed from Debug\stm8l15x_rtc.o ***
_RTC_ClearFlag                        ********   *** removed from Debug\stm8l15x_rtc.o ***
_RTC_ClearITPendingBit                0000827f   defined in Debug\stm8l15x_rtc.o section .text
                                                 used in Debug\main.o
_RTC_DateStructInit                   ********   *** removed from Debug\stm8l15x_rtc.o ***
_RTC_DayLightSavingConfig             ********   *** removed from Debug\stm8l15x_rtc.o ***
_RTC_DeInit                           ********   *** removed from Debug\stm8l15x_rtc.o ***
_RTC_EnterInitMode                    ********   *** removed from Debug\stm8l15x_rtc.o ***
_RTC_ExitInitMode                     ********   *** removed from Debug\stm8l15x_rtc.o ***
_RTC_GetAlarm                         ********   *** removed from Debug\stm8l15x_rtc.o ***
_RTC_GetDate                          ********   *** removed from Debug\stm8l15x_rtc.o ***
_RTC_GetFlagStatus                    ********   *** removed from Debug\stm8l15x_rtc.o ***
_RTC_GetITStatus                      ********   *** removed from Debug\stm8l15x_rtc.o ***
_RTC_GetStoreOperation                ********   *** removed from Debug\stm8l15x_rtc.o ***
_RTC_GetSubSecond                     ********   *** removed from Debug\stm8l15x_rtc.o ***
_RTC_GetTime                          ********   *** removed from Debug\stm8l15x_rtc.o ***
_RTC_GetWakeUpCounter                 ********   *** removed from Debug\stm8l15x_rtc.o ***
_RTC_ITConfig                         00008241   defined in Debug\stm8l15x_rtc.o section .text
                                                 used in Debug\periph.o
_RTC_Init                             ********   *** removed from Debug\stm8l15x_rtc.o ***
_RTC_OutputConfig                     ********   *** removed from Debug\stm8l15x_rtc.o ***
_RTC_RatioCmd                         ********   *** removed from Debug\stm8l15x_rtc.o ***
_RTC_SetAlarm                         ********   *** removed from Debug\stm8l15x_rtc.o ***
_RTC_SetDate                          ********   *** removed from Debug\stm8l15x_rtc.o ***
_RTC_SetTime                          ********   *** removed from Debug\stm8l15x_rtc.o ***
_RTC_SetWakeUpCounter                 000081da   defined in Debug\stm8l15x_rtc.o section .text
                                                 used in Debug\periph.o
_RTC_SetWakeupPeriod                  000095c1   defined in Debug\periph.o section .text
                                                 used in Debug\main.o
_RTC_SmoothCalibConfig                ********   *** removed from Debug\stm8l15x_rtc.o ***
_RTC_StructInit                       ********   *** removed from Debug\stm8l15x_rtc.o ***
_RTC_SynchroShiftConfig               ********   *** removed from Debug\stm8l15x_rtc.o ***
_RTC_TamperCmd                        ********   *** removed from Debug\stm8l15x_rtc.o ***
_RTC_TamperFilterConfig               ********   *** removed from Debug\stm8l15x_rtc.o ***
_RTC_TamperLevelConfig                ********   *** removed from Debug\stm8l15x_rtc.o ***
_RTC_TamperPinsPrechargeDuration      ********   *** removed from Debug\stm8l15x_rtc.o ***
_RTC_TamperSamplingFreqConfig         ********   *** removed from Debug\stm8l15x_rtc.o ***
_RTC_TimeStructInit                   ********   *** removed from Debug\stm8l15x_rtc.o ***
_RTC_WaitForSynchro                   ********   *** removed from Debug\stm8l15x_rtc.o ***
_RTC_WakeUpClockConfig                000081b7   defined in Debug\stm8l15x_rtc.o section .text
                                                 used in Debug\periph.o
_RTC_WakeUpCmd                        000081ef   defined in Debug\stm8l15x_rtc.o section .text
                                                 used in Debug\main.o
                                                         Debug\periph.o
_RTC_WriteProtectionCmd               ********   *** removed from Debug\stm8l15x_rtc.o ***
_ReadEeprom                           00009b46   defined in Debug\periph.o section .text
                                                 used in Debug\main.o
_SYSCFG_REMAPDMAChannelConfig         ********   *** removed from Debug\stm8l15x_syscfg.o ***
_SYSCFG_REMAPDeInit                   000088a6   defined in Debug\stm8l15x_syscfg.o section .text
                                                 used in Debug\main.o
_SYSCFG_REMAPPinConfig                000088b3   defined in Debug\stm8l15x_syscfg.o section .text
                                                 used in Debug\main.o
_SYSCFG_RIAnalogSwitchConfig          ********   *** removed from Debug\stm8l15x_syscfg.o ***
_SYSCFG_RIDeInit                      ********   *** removed from Debug\stm8l15x_syscfg.o ***
_SYSCFG_RIIOSwitchConfig              ********   *** removed from Debug\stm8l15x_syscfg.o ***
_SYSCFG_RIResistorConfig              ********   *** removed from Debug\stm8l15x_syscfg.o ***
_SYSCFG_RITIMInputCaptureConfig       ********   *** removed from Debug\stm8l15x_syscfg.o ***
_SYSDivFactor                         00008080   defined in Debug\stm8l15x_clk.o section .const
_TD_Delay01ms                         000091d3   defined in Debug\main.o section .text
                                                 used in Debug\periph.o
_TD_Init                              00009043   defined in Debug\main.o section .text
_TIM2_ARRPreloadConfig                0000893b   defined in Debug\stm8l15x_tim2.o section .text
                                                 used in Debug\main.o
_TIM2_BKRConfig                       ********   *** removed from Debug\stm8l15x_tim2.o ***
_TIM2_CCxCmd                          ********   *** removed from Debug\stm8l15x_tim2.o ***
_TIM2_ClearFlag                       ********   *** removed from Debug\stm8l15x_tim2.o ***
_TIM2_ClearITPendingBit               0000899e   defined in Debug\stm8l15x_tim2.o section .text
                                                 used in Debug\main.o
_TIM2_Cmd                             00008949   defined in Debug\stm8l15x_tim2.o section .text
                                                 used in Debug\main.o
_TIM2_CounterModeConfig               ********   *** removed from Debug\stm8l15x_tim2.o ***
_TIM2_CtrlPWMOutputs                  ********   *** removed from Debug\stm8l15x_tim2.o ***
_TIM2_DMACmd                          ********   *** removed from Debug\stm8l15x_tim2.o ***
_TIM2_DeInit                          ********   *** removed from Debug\stm8l15x_tim2.o ***
_TIM2_ETRClockMode1Config             ********   *** removed from Debug\stm8l15x_tim2.o ***
_TIM2_ETRClockMode2Config             ********   *** removed from Debug\stm8l15x_tim2.o ***
_TIM2_ETRConfig                       ********   *** removed from Debug\stm8l15x_tim2.o ***
_TIM2_EncoderInterfaceConfig          ********   *** removed from Debug\stm8l15x_tim2.o ***
_TIM2_ForcedOC1Config                 ********   *** removed from Debug\stm8l15x_tim2.o ***
_TIM2_ForcedOC2Config                 ********   *** removed from Debug\stm8l15x_tim2.o ***
_TIM2_GenerateEvent                   ********   *** removed from Debug\stm8l15x_tim2.o ***
_TIM2_GetCapture1                     ********   *** removed from Debug\stm8l15x_tim2.o ***
_TIM2_GetCapture2                     ********   *** removed from Debug\stm8l15x_tim2.o ***
_TIM2_GetCounter                      ********   *** removed from Debug\stm8l15x_tim2.o ***
_TIM2_GetFlagStatus                   ********   *** removed from Debug\stm8l15x_tim2.o ***
_TIM2_GetITStatus                     00008970   defined in Debug\stm8l15x_tim2.o section .text
                                                 used in Debug\main.o
_TIM2_GetPrescaler                    ********   *** removed from Debug\stm8l15x_tim2.o ***
_TIM2_ICInit                          ********   *** removed from Debug\stm8l15x_tim2.o ***
_TIM2_ITConfig                        00008957   defined in Debug\stm8l15x_tim2.o section .text
                                                 used in Debug\main.o
_TIM2_InternalClockConfig             ********   *** removed from Debug\stm8l15x_tim2.o ***
_TIM2_OC1FastConfig                   ********   *** removed from Debug\stm8l15x_tim2.o ***
_TIM2_OC1Init                         ********   *** removed from Debug\stm8l15x_tim2.o ***
_TIM2_OC1PolarityConfig               ********   *** removed from Debug\stm8l15x_tim2.o ***
_TIM2_OC1PreloadConfig                ********   *** removed from Debug\stm8l15x_tim2.o ***
_TIM2_OC2FastConfig                   ********   *** removed from Debug\stm8l15x_tim2.o ***
_TIM2_OC2Init                         ********   *** removed from Debug\stm8l15x_tim2.o ***
_TIM2_OC2PolarityConfig               ********   *** removed from Debug\stm8l15x_tim2.o ***
_TIM2_OC2PreloadConfig                ********   *** removed from Debug\stm8l15x_tim2.o ***
_TIM2_PWMIConfig                      ********   *** removed from Debug\stm8l15x_tim2.o ***
_TIM2_PrescalerConfig                 ********   *** removed from Debug\stm8l15x_tim2.o ***
_TIM2_SelectCCDMA                     ********   *** removed from Debug\stm8l15x_tim2.o ***
_TIM2_SelectHallSensor                ********   *** removed from Debug\stm8l15x_tim2.o ***
_TIM2_SelectInputTrigger              ********   *** removed from Debug\stm8l15x_tim2.o ***
_TIM2_SelectMasterSlaveMode           ********   *** removed from Debug\stm8l15x_tim2.o ***
_TIM2_SelectOCxM                      ********   *** removed from Debug\stm8l15x_tim2.o ***
_TIM2_SelectOnePulseMode              ********   *** removed from Debug\stm8l15x_tim2.o ***
_TIM2_SelectOutputTrigger             ********   *** removed from Debug\stm8l15x_tim2.o ***
_TIM2_SelectSlaveMode                 ********   *** removed from Debug\stm8l15x_tim2.o ***
_TIM2_SetAutoreload                   ********   *** removed from Debug\stm8l15x_tim2.o ***
_TIM2_SetCompare1                     ********   *** removed from Debug\stm8l15x_tim2.o ***
_TIM2_SetCompare2                     ********   *** removed from Debug\stm8l15x_tim2.o ***
_TIM2_SetCounter                      ********   *** removed from Debug\stm8l15x_tim2.o ***
_TIM2_SetIC1Prescaler                 ********   *** removed from Debug\stm8l15x_tim2.o ***
_TIM2_SetIC2Prescaler                 ********   *** removed from Debug\stm8l15x_tim2.o ***
_TIM2_TIxExternalClockConfig          ********   *** removed from Debug\stm8l15x_tim2.o ***
_TIM2_TimeBaseInit                    00008917   defined in Debug\stm8l15x_tim2.o section .text
                                                 used in Debug\main.o
_TIM2_UpdateDisableConfig             ********   *** removed from Debug\stm8l15x_tim2.o ***
_TIM2_UpdateRequestConfig             ********   *** removed from Debug\stm8l15x_tim2.o ***
_ToChar09AF                           00008abb   defined in Debug\main.o section .text
_USART_ClearFlag                      ********   *** removed from Debug\stm8l15x_usart.o ***
_USART_ClearITPendingBit              ********   *** removed from Debug\stm8l15x_usart.o ***
_USART_ClockInit                      ********   *** removed from Debug\stm8l15x_usart.o ***
_USART_Cmd                            00008a2e   defined in Debug\stm8l15x_usart.o section .text
                                                 used in Debug\main.o
_USART_DMACmd                         ********   *** removed from Debug\stm8l15x_usart.o ***
_USART_DeInit                         ********   *** removed from Debug\stm8l15x_usart.o ***
_USART_GetFlagStatus                  ********   *** removed from Debug\stm8l15x_usart.o ***
_USART_GetITStatus                    ********   *** removed from Debug\stm8l15x_usart.o ***
_USART_HalfDuplexCmd                  ********   *** removed from Debug\stm8l15x_usart.o ***
_USART_ITConfig                       00008a45   defined in Debug\stm8l15x_usart.o section .text
                                                 used in Debug\main.o
_USART_Init                           000089a3   defined in Debug\stm8l15x_usart.o section .text
                                                 used in Debug\main.o
_USART_IrDACmd                        ********   *** removed from Debug\stm8l15x_usart.o ***
_USART_IrDAConfig                     ********   *** removed from Debug\stm8l15x_usart.o ***
_USART_ReceiveData8                   ********   *** removed from Debug\stm8l15x_usart.o ***
_USART_ReceiveData9                   ********   *** removed from Debug\stm8l15x_usart.o ***
_USART_ReceiverWakeUpCmd              ********   *** removed from Debug\stm8l15x_usart.o ***
_USART_SendBreak                      ********   *** removed from Debug\stm8l15x_usart.o ***
_USART_SendData8                      ********   *** removed from Debug\stm8l15x_usart.o ***
_USART_SendData9                      ********   *** removed from Debug\stm8l15x_usart.o ***
_USART_SetAddress                     ********   *** removed from Debug\stm8l15x_usart.o ***
_USART_SetGuardTime                   ********   *** removed from Debug\stm8l15x_usart.o ***
_USART_SetPrescaler                   ********   *** removed from Debug\stm8l15x_usart.o ***
_USART_SmartCardCmd                   ********   *** removed from Debug\stm8l15x_usart.o ***
_USART_SmartCardNACKCmd               ********   *** removed from Debug\stm8l15x_usart.o ***
_USART_WakeUpConfig                   ********   *** removed from Debug\stm8l15x_usart.o ***
_WriteEeprom                          00009bf7   defined in Debug\periph.o section .text
                                                 used in Debug\main.o
__endmem                              000001ff   defined in command file
                                                 *** not used ***
__endzp                               0000003c   defined in command file section .ubsct
                                                 used in C:\Program Files (x86)\COSMIC\CXSTM8\Lib\crtsi0.sm8
__idesc__                             00008109   defined in linker section .init
                                                 used in C:\Program Files (x86)\COSMIC\CXSTM8\Lib\crtsi0.sm8
__memory                              00000100   defined in command file section .bss
                                                 used in C:\Program Files (x86)\COSMIC\CXSTM8\Lib\crtsi0.sm8
__stack                               000003ff   defined in command file
                                                 used in C:\Program Files (x86)\COSMIC\CXSTM8\Lib\crtsi0.sm8
__startmem                            00000100   defined in command file section .bss
                                                 *** not used ***
__stext                               0000811e   defined in C:\Program Files (x86)\COSMIC\CXSTM8\Lib\crtsi0.sm8 section .text
                                                 used in Debug\stm8_interrupt_vector.o
__vectab                              00008000   defined in Debug\stm8_interrupt_vector.o section .const
_bCmpEnd                              00000006   defined in Debug\main.o section .bsct, initialized
_exit                                 00008167   defined in C:\Program Files (x86)\COSMIC\CXSTM8\Lib\crtsi0.sm8 section .text
_main                                 000091e9   defined in Debug\main.o section .text
                                                 used in C:\Program Files (x86)\COSMIC\CXSTM8\Lib\crtsi0.sm8
_myputs                               00008af3   defined in Debug\main.o section .text
_mystrcmp                             00008b14   defined in Debug\main.o section .text
_nDelayTime                           00000030   defined in Debug\main.o section .ubsct
_nLowBatTime                          0000000a   defined in Debug\main.o section .bsct, initialized
                                                 used in Debug\periph.o
_nLuxLevel                            00000007   defined in Debug\main.o section .bsct, initialized
                                                 used in Debug\periph.o
_nPirHoldTime                         00000009   defined in Debug\main.o section .bsct, initialized
                                                 used in Debug\periph.o
_nPirLevel                            00000008   defined in Debug\main.o section .bsct, initialized
                                                 used in Debug\periph.o
_nPressed                             0000000c   defined in Debug\main.o section .bsct, initialized
_nTCount                              0000000b   defined in Debug\main.o section .bsct, initialized
_nlenstrAT                            0000000d   defined in Debug\main.o section .ubsct
_putchar                              00008adf   defined in Debug\main.o section .text
_strAT                                00000020   defined in Debug\main.o section .ubsct
_strBuf                               0000000e   defined in Debug\main.o section .ubsct
_strxAT                               0000001e   defined in Debug\main.o section .ubsct
_strxBuf                              00000004   defined in Debug\main.o section .bsct, initialized
c_divsl                               00009d12   defined in (C:\Program Files (x86)\COSMIC\CXSTM8\Lib\libm0.sm8)ldiv.o section .text
                                                 *** not used ***
c_divul                               00009d29   defined in (C:\Program Files (x86)\COSMIC\CXSTM8\Lib\libm0.sm8)ldiv.o section .text
                                                 used in (C:\Program Files (x86)\COSMIC\CXSTM8\Lib\libm0.sm8)ludiv.o
c_imul                                00009c20   defined in (C:\Program Files (x86)\COSMIC\CXSTM8\Lib\libm0.sm8)imul.o section .text
                                                 used in Debug\periph.o
c_lcmp                                00009c41   defined in (C:\Program Files (x86)\COSMIC\CXSTM8\Lib\libm0.sm8)lcmp.o section .text
                                                 used in Debug\stm8l15x_i2c.o
c_lgneg                               00009dfd   defined in (C:\Program Files (x86)\COSMIC\CXSTM8\Lib\libm0.sm8)lgneg.o section .text
                                                 used in (C:\Program Files (x86)\COSMIC\CXSTM8\Lib\libm0.sm8)ldiv.o
c_lmul                                00009c61   defined in (C:\Program Files (x86)\COSMIC\CXSTM8\Lib\libm0.sm8)lmul.o section .text
                                                 used in Debug\stm8l15x_i2c.o
c_lmulc                               00009c69   defined in (C:\Program Files (x86)\COSMIC\CXSTM8\Lib\libm0.sm8)lmul.o section .text
                                                 *** not used ***
c_lneg                                00009e10   defined in (C:\Program Files (x86)\COSMIC\CXSTM8\Lib\libm0.sm8)lneg.o section .text
                                                 used in (C:\Program Files (x86)\COSMIC\CXSTM8\Lib\libm0.sm8)ldiv.o
c_lreg                                00000032   defined in (C:\Program Files (x86)\COSMIC\CXSTM8\Lib\libm0.sm8)lreg.o section .ubsct
                                                 used in Debug\stm8l15x_flash.o
                                                         Debug\stm8l15x_clk.o
                                                         Debug\stm8l15x_i2c.o
                                                         Debug\stm8l15x_usart.o
                                                         (C:\Program Files (x86)\COSMIC\CXSTM8\Lib\libm0.sm8)cmulx.o
                                                         (C:\Program Files (x86)\COSMIC\CXSTM8\Lib\libm0.sm8)ladd.o
                                                         (C:\Program Files (x86)\COSMIC\CXSTM8\Lib\libm0.sm8)lcmp.o
                                                         (C:\Program Files (x86)\COSMIC\CXSTM8\Lib\libm0.sm8)lgadd.o
                                                         (C:\Program Files (x86)\COSMIC\CXSTM8\Lib\libm0.sm8)lmul.o
                                                         (C:\Program Files (x86)\COSMIC\CXSTM8\Lib\libm0.sm8)ltor.o
                                                         (C:\Program Files (x86)\COSMIC\CXSTM8\Lib\libm0.sm8)ldiv.o
                                                         (C:\Program Files (x86)\COSMIC\CXSTM8\Lib\libm0.sm8)lneg.o
                                                         (C:\Program Files (x86)\COSMIC\CXSTM8\Lib\libm0.sm8)lursh.o
                                                         (C:\Program Files (x86)\COSMIC\CXSTM8\Lib\libm0.sm8)rtol.o
                                                         (C:\Program Files (x86)\COSMIC\CXSTM8\Lib\libm0.sm8)smul.o
                                                         (C:\Program Files (x86)\COSMIC\CXSTM8\Lib\libm0.sm8)utolx.o
c_ltor                                00009cec   defined in (C:\Program Files (x86)\COSMIC\CXSTM8\Lib\libm0.sm8)ltor.o section .text
                                                 used in Debug\stm8l15x_flash.o
                                                         Debug\stm8l15x_clk.o
                                                         Debug\stm8l15x_i2c.o
                                                         Debug\stm8l15x_usart.o
c_ludv                                00009cfe   defined in (C:\Program Files (x86)\COSMIC\CXSTM8\Lib\libm0.sm8)ludiv.o section .text
                                                 used in Debug\stm8l15x_clk.o
                                                         Debug\stm8l15x_i2c.o
                                                         Debug\stm8l15x_usart.o
c_lursh                               00009e25   defined in (C:\Program Files (x86)\COSMIC\CXSTM8\Lib\libm0.sm8)lursh.o section .text
                                                 used in Debug\stm8l15x_usart.o
c_lzmp                                00009e34   defined in (C:\Program Files (x86)\COSMIC\CXSTM8\Lib\libm0.sm8)lzmp.o section .text
                                                 used in Debug\stm8l15x_i2c.o
c_rtol                                00009e46   defined in (C:\Program Files (x86)\COSMIC\CXSTM8\Lib\libm0.sm8)rtol.o section .text
                                                 used in Debug\stm8l15x_clk.o
                                                         Debug\stm8l15x_i2c.o
                                                         Debug\stm8l15x_usart.o
c_sdivx                               00009e5e   defined in (C:\Program Files (x86)\COSMIC\CXSTM8\Lib\libm0.sm8)sdivx.o section .text
                                                 used in Debug\stm8l15x_i2c.o
c_smodx                               00009e58   defined in (C:\Program Files (x86)\COSMIC\CXSTM8\Lib\libm0.sm8)sdivx.o section .text
                                                 *** not used ***
c_smul                                00009e83   defined in (C:\Program Files (x86)\COSMIC\CXSTM8\Lib\libm0.sm8)smul.o section .text
                                                 used in Debug\stm8l15x_i2c.o
c_uitolx                              00009ec2   defined in (C:\Program Files (x86)\COSMIC\CXSTM8\Lib\libm0.sm8)utolx.o section .text
                                                 used in Debug\stm8l15x_i2c.o
c_x                                   00000036   defined in (C:\Program Files (x86)\COSMIC\CXSTM8\Lib\libm0.sm8)xreg.o section .ubsct
                                                 used in C:\Program Files (x86)\COSMIC\CXSTM8\Lib\crtsi0.sm8
                                                         Debug\main.o
                                                         (C:\Program Files (x86)\COSMIC\CXSTM8\Lib\libm0.sm8)imul.o
                                                         (C:\Program Files (x86)\COSMIC\CXSTM8\Lib\libm0.sm8)lmul.o
                                                         (C:\Program Files (x86)\COSMIC\CXSTM8\Lib\libm0.sm8)ldiv.o
                                                         (C:\Program Files (x86)\COSMIC\CXSTM8\Lib\libm0.sm8)sdivx.o
c_y                                   00000039   defined in (C:\Program Files (x86)\COSMIC\CXSTM8\Lib\libm0.sm8)yreg.o section .ubsct
                                                 used in C:\Program Files (x86)\COSMIC\CXSTM8\Lib\crtsi0.sm8
                                                         Debug\main.o
f_ISR_Btn                             00009370   defined in Debug\main.o section .text
                                                 used in Debug\stm8_interrupt_vector.o
f_ISR_HostWakeUp                      000093b0   defined in Debug\main.o section .text
                                                 used in Debug\stm8_interrupt_vector.o
f_ISR_Pir                             0000942a   defined in Debug\main.o section .text
                                                 used in Debug\stm8_interrupt_vector.o
f_ISR_RtcWakeUp                       000093ea   defined in Debug\main.o section .text
                                                 used in Debug\stm8_interrupt_vector.o
f_ISR_Timer2                          00009475   defined in Debug\main.o section .text
                                                 used in Debug\stm8_interrupt_vector.o
f_ISR_Uart1Rx                         00009561   defined in Debug\main.o section .text
                                                 used in Debug\stm8_interrupt_vector.o
f_NonHandledInterrupt                 00009ec9   defined in Debug\stm8_interrupt_vector.o section .text
